Traceback (most recent call last):
  File "/workspace/alt-cli/scripts/smoke_tui.py", line 169, in <module>
    wait_for(b"Conversation exported")
  File "/workspace/alt-cli/scripts/smoke_tui.py", line 76, in wait_for
    raise AssertionError(f"Missing terminal text {needle!r}; exit={process.poll()}; screen:\n" + "\n".join(screen.display))
AssertionError: Missing terminal text b'Conversation exported'; exit=None; screen:
  ALT  /  YOUR WORKSPACE                                                                                       fixture  
  Conversations ▾                                                                            Connected · saved locally  
  0.6.0 · F1 Help                                                                                ◈ Lagoon · Automatic   
  1  Home              │ ╭ Search conversations · / to type ──────────────────────────────────────────────────────────╮ 
                       │ │                                                                                            │ 
  2  Workspace         │ ╰────────────────────────────────────────────────────────────────────────────────────────────╯ 
                       │ ╭ Saved work ────────────────────────────────────────────────────────────────────────────────╮ 
  3  Models            │ │› Project check                                                                             │ 
                  ╭ Let's get this working ──────────────────────────────────────────────────────────╮                │ 
  4  Connections  │ No conversation to export yet                                                    │                │ 
                  │                                                                                  │                │ 
  5  Conversations│ Next step: Review the details, close this message to return to your form, and    │                │ 
                  │ try again. Task progress provides actual check evidence and undo.                │                │ 
  6  Settings     │                                                                                  │                │ 
                  │                                                                                  │                │ 
  7  Help         │                                                                                  │                │ 
                  │                                                                                  │                │ 
  8  Task progress│                                                                                  │                │ 
                  │                                                                                  │                │ 
  9  Project files│                                                                                  │                │ 
                  │                                                                                  │                │ 
  0  Terminal jobs│                                                                                  │                │ 
                  │                                                                                  │                │ 
  ·  Context & mem│                                                                                  │                │ 
                  │                                                                                  │                │ 
                  │                                                                                  │                │ 
                  │                                                                                  │                │ 
                  │                                                                                  │                │ 
                  │                                                                                  │                │ 
                  │                                                                                  │                │ 
                  │  Back · PgUp/PgDn to scroll                                                      │                │ 
                  ╰──────────────────────────────────────────────────────────────────────────────────╯                │ 
 ON THIS COMPUTER      │ │                                                                                            │ 
 32.0 GiB RAM          │ ╰────────────────────────────────────────────────────────────────────────────────────────────╯ 
 4 CPU threads         │ Project: /tmp/alt-tui-smoke-04hr90t0/my projectResume uses the conversation's original model   
 Ctrl+P  Actions       │ and connection.                                                                                
 F1      Help          │  Resume   Rename   Export   Archive   Archived                                                 
  No conversation to export yetNext step: Review the details, close this message to return to your form, and try        
  ↑↓ Select   Enter Resume   / Search   R Rename   E Export   Delete Archive                                            
                                                                                                                        
