{
  "passed": true,
  "binary_sha256": "a02c07c28c3442488426dfe5cb26a3cd4f48e8dfc10a50bd999e37c0348c954b",
  "attempts": [
    {
      "size": "80x24",
      "raw_stream_switch": true,
      "declared_inputs_preserve_contract": true,
      "storage_budget_persisted": true,
      "recovered_preview_and_restore": true,
      "keyboard_only": true
    },
    {
      "size": "60x18",
      "raw_stream_switch": true,
      "declared_inputs_preserve_contract": true,
      "storage_budget_persisted": true,
      "recovered_preview_and_restore": true,
      "keyboard_only": true
    },
    {
      "size": "60x18",
      "explicit_requirement_correction": true,
      "earlier_text_retained": true,
      "no_model_prompt_for_correction": true
    }
  ],
  "scope": "Actual keyboard PTYs, deterministic ACP and local check commands; no model quality or human novice measurement"
}
