1 normal: True 3.16s
1 disconnect: True 1.16s
1 cancel: True 1.08s
1 engine-crash: True 0.31s
1 reconnect: True 3.17s
2 normal: True 3.17s
2 disconnect: True 1.14s
2 cancel: True 1.14s
2 engine-crash: True 0.33s
2 reconnect: True 3.19s
3 normal: True 3.23s
3 disconnect: True 1.18s
3 cancel: True 1.27s
3 engine-crash: True 0.38s
3 reconnect: True 3.26s
4 normal: True 3.29s
4 disconnect: True 1.23s
4 cancel: True 1.29s
4 engine-crash: True 0.43s
4 reconnect: True 3.27s
5 normal: True 3.24s
5 disconnect: True 1.23s
5 cancel: True 1.24s
5 engine-crash: True 0.42s
5 reconnect: True 3.31s
6 normal: True 3.35s
6 disconnect: True 1.24s
6 cancel: True 1.28s
6 engine-crash: True 0.47s
6 reconnect: True 3.32s
7 normal: True 3.36s
7 disconnect: True 1.28s
7 cancel: True 1.26s
7 engine-crash: True 0.56s
7 reconnect: True 3.32s
8 normal: True 3.39s
8 disconnect: True 1.31s
8 cancel: True 1.26s
8 engine-crash: True 0.49s
8 reconnect: True 3.70s
9 normal: True 4.89s
9 disconnect: True 2.33s
9 cancel: True 2.05s
9 engine-crash: True 1.61s
9 reconnect: True 5.15s
10 normal: True 4.43s
10 disconnect: True 1.78s
10 cancel: True 1.90s
10 engine-crash: True 1.33s
10 reconnect: True 4.60s
11 normal: True 3.88s
11 disconnect: True 1.41s
11 cancel: True 1.73s
11 engine-crash: True 0.88s
11 reconnect: True 3.82s
12 normal: True 4.51s
12 disconnect: True 2.19s
12 cancel: True 2.29s
12 engine-crash: True 1.29s
12 reconnect: True 3.54s
