   Compiling alt-cli v0.4.0 (/workspace/alt-cli)
    Finished `test` profile [unoptimized + debuginfo] target(s) in 46.45s
     Running unittests src/lib.rs (target/debug/deps/alt_cli-4e43613ce822ffce)

running 7 tests
test tui::input::tests::unicode_editing_and_paste_preserve_boundaries ... ok
test runtime::memory_tests::container_cache_does_not_hide_available_ram_or_free_anonymous_memory ... ok
test tui::app::recovery_tests::damaged_runtime_is_preserved_without_resetting_project_preferences ... ok
test tui::view::tests::settings_persist_and_permission_typing_cannot_accidentally_allow ... ok
test tui::view::tests::first_run_is_usable_without_config_and_errors_preserve_forms ... ok
test tui::view::tests::corrupt_settings_are_preserved_and_setup_still_opens ... ok
test tui::view::tests::every_page_and_dialog_renders_at_supported_sizes ... ok

test result: ok. 7 passed; 0 failed; 0 ignored; 0 measured; 0 filtered out; finished in 0.91s

     Running unittests src/main.rs (target/debug/deps/alt-c21bbc0260dfcb20)

running 0 tests

test result: ok. 0 passed; 0 failed; 0 ignored; 0 measured; 0 filtered out; finished in 0.00s

     Running tests/benchmark.rs (target/debug/deps/benchmark-972febfd3d13b53f)

running 2 tests
test cancellation_interrupts_a_stalled_backend_and_preserves_a_failed_report ... ok
test requested_gpu_and_allocation_failure_explain_recovery_without_substituting_models ... ok

test result: ok. 2 passed; 0 failed; 0 ignored; 0 measured; 0 filtered out; finished in 0.31s

     Running tests/extensions.rs (target/debug/deps/extensions-3d389d2831174847)

running 3 tests
test external_calls_require_actual_alt_approval_and_respect_access ... ok
test selected_stdio_tools_keep_state_and_reconnect_without_replay ... ok
test remote_auth_session_and_sse ... ok

test result: ok. 3 passed; 0 failed; 0 ignored; 0 measured; 0 filtered out; finished in 0.51s

     Running tests/faults.rs (target/debug/deps/faults-8dffc947010bf23d)

running 2 tests
test fault_worker ... ok
test disk_full_and_abrupt_apply_undo_recover_without_replay_or_partial_source ... ok

test result: ok. 2 passed; 0 failed; 0 ignored; 0 measured; 0 filtered out; finished in 0.21s

     Running tests/integration.rs (target/debug/deps/integration-ccf6793d4d3e3870)

running 4 tests
test session_recovery_and_profile_validation ... ok
test streaming_permissions_and_large_session_replay ... ok
test cancellation_and_broken_peers_do_not_hang ... ok
test cli_streams_exports_resumes_and_denies_by_default ... ok

test result: ok. 4 passed; 0 failed; 0 ignored; 0 measured; 0 filtered out; finished in 8.25s

     Running tests/jobs.rs (target/debug/deps/jobs-c83718c92b72332f)

running 4 tests
test control_keys_are_bytes_not_numeric_strings ... ok
test persistent_pty_accepts_input_resize_and_reconnect_then_stops ... ok
test timeout_and_exit_are_saved_and_pid_reuse_cannot_signal_another_process ... ok
test exiting_owner_stops_only_owned_jobs_and_large_output_is_bounded ... ok

test result: ok. 4 passed; 0 failed; 0 ignored; 0 measured; 0 filtered out; finished in 5.36s

     Running tests/language.rs (target/debug/deps/language-b685f3f4926c7469)

running 1 test
test utf16_rename_preview_applies_checkpoints_and_rejects_outside_overlap_staleness ... ok

test result: ok. 1 passed; 0 failed; 0 ignored; 0 measured; 0 filtered out; finished in 0.03s

     Running tests/model_downloads.rs (target/debug/deps/model_downloads-1763a2a18f67c940)

running 8 tests
test hub_token_scope_worker ... ok
test import_preserves_original_and_rejects_wrong_format ... ok
test interrupted_download_resumes_and_promotes_only_verified_bytes ... ok
test multipart_promotes_only_complete_set_and_relocates_without_import_loss ... ok
test pause_interrupts_a_stalled_body_and_keeps_partial_file ... ok
test checksum_failure_and_bad_range_never_create_ready_model ... ok
test server_ignoring_range_restarts_instead_of_concatenating ... ok
test hub_authentication_is_scoped_without_mutating_the_test_process_environment ... ok

test result: ok. 8 passed; 0 failed; 0 ignored; 0 measured; 0 filtered out; finished in 0.87s

     Running tests/packs.rs (target/debug/deps/packs-f1e722a34c409e9d)

running 3 tests
test parsers_reject_incomplete_and_malformed_scans_and_preserve_evidence ... ok
test git_commit_contains_selected_paths_and_preserves_unrelated_staging ... ok
test http_failure_retest_and_exports_link_to_real_records ... ok

test result: ok. 3 passed; 0 failed; 0 ignored; 0 measured; 0 filtered out; finished in 0.35s

     Running tests/project_services.rs (target/debug/deps/project_services-e6f3fed15232d596)

running 6 tests
test migrations_preserve_legacy_data_and_reject_newer_schema ... ok
test pinned_requirements_and_actual_context_survive_restart ... ok
test syntax_and_old_decision_retrieval_keep_current_evidence_at_all_budgets ... ok
test incremental_index_reuses_unchanged_rows_and_detects_edits_deletions_cancellation ... ok
test zero_tests_are_distinguished_from_unknown_output_and_mixed_rust_targets ... ok
test verification_requires_every_check_and_current_source_command_environment ... ok

test result: ok. 6 passed; 0 failed; 0 ignored; 0 measured; 0 filtered out; finished in 0.22s

     Running tests/project_workflow.rs (target/debug/deps/project_workflow-f417cc1e24999af6)

running 7 tests
test enforced_reads_paths_checkpoints_undo_and_conflicts ... ok
test memory_invalidation_failure_budget_and_crash_recovery ... ok
test native_tool_bridge_cannot_bypass_approval_or_stale_checks ... ok
test no_silent_isolation_fallback_and_terminal_is_explicit ... ok
test stale_edits_symlinks_creation_deletion_and_atomic_task_undo ... ok
test deterministic_checks_bind_evidence_to_source_and_preserve_original ... ok
test check_timeout_cancellation_and_early_exit_kill_background_children ... ok

test result: ok. 7 passed; 0 failed; 0 ignored; 0 measured; 0 filtered out; finished in 1.31s

     Running tests/storage.rs (target/debug/deps/storage-18a0ee4d27b46a3d)

running 5 tests
test diagnostics_excludes_environment_values_prompts_endpoints_and_source ... ok
test malformed_archive_never_creates_destination ... ok
test history_retention_archives_first_and_restores_without_overwriting ... ok
test backup_restores_consistent_sqlite_and_never_overwrites_existing_state ... ok
test retention_never_deletes_a_conversation_that_exceeds_restore_limits ... ok

test result: ok. 5 passed; 0 failed; 0 ignored; 0 measured; 0 filtered out; finished in 1.29s

   Doc-tests alt_cli

running 0 tests

test result: ok. 0 passed; 0 failed; 0 ignored; 0 measured; 0 filtered out; finished in 0.00s

    Checking alt-cli v0.4.0 (/workspace/alt-cli)
    Finished `dev` profile [unoptimized + debuginfo] target(s) in 17.92s
    Finished `dev` profile [unoptimized + debuginfo] target(s) in 0.22s
