{
  "id": "1e4d920aaff1248b68751e49b16dae6104c5f4d3924a86a290e24b31db08113c",
  "name": "Spark-X2.5-1.7B-Abliterated-Q4_K_M.gguf",
  "path": "/tmp/alt-v4-candidate-models/spark/blobs/1e4d920aaff1248b68751e49b16dae6104c5f4d3924a86a290e24b31db08113c/Spark-X2.5-1.7B-Abliterated-Q4_K_M.gguf",
  "bytes": 1258452320,
  "sha256": "1e4d920aaff1248b68751e49b16dae6104c5f4d3924a86a290e24b31db08113c",
  "license": "apache-2.0",
  "uncensored_claim": true,
  "source": {
    "repo": "darioooooo0o/Spark-X2.5-1.7B-Abliterated-GGUF",
    "revision": "0193e8f9b55c7f8e9c58799694696a17d8f6c6c5",
    "filename": "Spark-X2.5-1.7B-Abliterated-Q4_K_M.gguf",
    "bytes": 1258452320,
    "sha256": "1e4d920aaff1248b68751e49b16dae6104c5f4d3924a86a290e24b31db08113c",
    "license": "apache-2.0",
    "uncensored_claim": true,
    "parts": []
  },
  "pieces": [
    {
      "path": "/tmp/alt-v4-candidate-models/spark/blobs/1e4d920aaff1248b68751e49b16dae6104c5f4d3924a86a290e24b31db08113c/Spark-X2.5-1.7B-Abliterated-Q4_K_M.gguf",
      "bytes": 1258452320,
      "sha256": "1e4d920aaff1248b68751e49b16dae6104c5f4d3924a86a290e24b31db08113c"
    }
  ]
}
