License declared by publisher: apache-2.0
Spark-X2.5-1.7B-Abliterated-Q4_K_M.gguf · Downloading · 0 MiB / 1.2 GiB
Spark-X2.5-1.7B-Abliterated-Q4_K_M.gguf · Downloading · 12 MiB / 1.2 GiB
Spark-X2.5-1.7B-Abliterated-Q4_K_M.gguf · Downloading · 31 MiB / 1.2 GiB
Spark-X2.5-1.7B-Abliterated-Q4_K_M.gguf · Downloading · 51 MiB / 1.2 GiB
Spark-X2.5-1.7B-Abliterated-Q4_K_M.gguf · Downloading · 69 MiB / 1.2 GiB
Spark-X2.5-1.7B-Abliterated-Q4_K_M.gguf · Downloading · 86 MiB / 1.2 GiB
Spark-X2.5-1.7B-Abliterated-Q4_K_M.gguf · Downloading · 105 MiB / 1.2 GiB
Spark-X2.5-1.7B-Abliterated-Q4_K_M.gguf · Downloading · 124 MiB / 1.2 GiB
Spark-X2.5-1.7B-Abliterated-Q4_K_M.gguf · Downloading · 143 MiB / 1.2 GiB
Spark-X2.5-1.7B-Abliterated-Q4_K_M.gguf · Downloading · 163 MiB / 1.2 GiB
Spark-X2.5-1.7B-Abliterated-Q4_K_M.gguf · Downloading · 182 MiB / 1.2 GiB
Spark-X2.5-1.7B-Abliterated-Q4_K_M.gguf · Downloading · 200 MiB / 1.2 GiB
Spark-X2.5-1.7B-Abliterated-Q4_K_M.gguf · Downloading · 217 MiB / 1.2 GiB
Spark-X2.5-1.7B-Abliterated-Q4_K_M.gguf · Downloading · 236 MiB / 1.2 GiB
Spark-X2.5-1.7B-Abliterated-Q4_K_M.gguf · Downloading · 254 MiB / 1.2 GiB
Spark-X2.5-1.7B-Abliterated-Q4_K_M.gguf · Downloading · 274 MiB / 1.2 GiB
Spark-X2.5-1.7B-Abliterated-Q4_K_M.gguf · Downloading · 293 MiB / 1.2 GiB
Spark-X2.5-1.7B-Abliterated-Q4_K_M.gguf · Downloading · 312 MiB / 1.2 GiB
Spark-X2.5-1.7B-Abliterated-Q4_K_M.gguf · Downloading · 331 MiB / 1.2 GiB
Spark-X2.5-1.7B-Abliterated-Q4_K_M.gguf · Downloading · 343 MiB / 1.2 GiB
Spark-X2.5-1.7B-Abliterated-Q4_K_M.gguf · Downloading · 362 MiB / 1.2 GiB
Spark-X2.5-1.7B-Abliterated-Q4_K_M.gguf · Downloading · 378 MiB / 1.2 GiB
Spark-X2.5-1.7B-Abliterated-Q4_K_M.gguf · Downloading · 391 MiB / 1.2 GiB
Spark-X2.5-1.7B-Abliterated-Q4_K_M.gguf · Downloading · 409 MiB / 1.2 GiB
Spark-X2.5-1.7B-Abliterated-Q4_K_M.gguf · Downloading · 428 MiB / 1.2 GiB
Spark-X2.5-1.7B-Abliterated-Q4_K_M.gguf · Downloading · 446 MiB / 1.2 GiB
Spark-X2.5-1.7B-Abliterated-Q4_K_M.gguf · Downloading · 465 MiB / 1.2 GiB
Spark-X2.5-1.7B-Abliterated-Q4_K_M.gguf · Downloading · 484 MiB / 1.2 GiB
Spark-X2.5-1.7B-Abliterated-Q4_K_M.gguf · Downloading · 502 MiB / 1.2 GiB
Spark-X2.5-1.7B-Abliterated-Q4_K_M.gguf · Downloading · 518 MiB / 1.2 GiB
Spark-X2.5-1.7B-Abliterated-Q4_K_M.gguf · Downloading · 538 MiB / 1.2 GiB
Spark-X2.5-1.7B-Abliterated-Q4_K_M.gguf · Downloading · 557 MiB / 1.2 GiB
Spark-X2.5-1.7B-Abliterated-Q4_K_M.gguf · Downloading · 576 MiB / 1.2 GiB
Spark-X2.5-1.7B-Abliterated-Q4_K_M.gguf · Downloading · 595 MiB / 1.2 GiB
Spark-X2.5-1.7B-Abliterated-Q4_K_M.gguf · Downloading · 611 MiB / 1.2 GiB
Spark-X2.5-1.7B-Abliterated-Q4_K_M.gguf · Downloading · 630 MiB / 1.2 GiB
Spark-X2.5-1.7B-Abliterated-Q4_K_M.gguf · Downloading · 648 MiB / 1.2 GiB
Spark-X2.5-1.7B-Abliterated-Q4_K_M.gguf · Downloading · 667 MiB / 1.2 GiB
Spark-X2.5-1.7B-Abliterated-Q4_K_M.gguf · Downloading · 686 MiB / 1.2 GiB
Spark-X2.5-1.7B-Abliterated-Q4_K_M.gguf · Downloading · 705 MiB / 1.2 GiB
Spark-X2.5-1.7B-Abliterated-Q4_K_M.gguf · Downloading · 724 MiB / 1.2 GiB
Spark-X2.5-1.7B-Abliterated-Q4_K_M.gguf · Downloading · 743 MiB / 1.2 GiB
Spark-X2.5-1.7B-Abliterated-Q4_K_M.gguf · Downloading · 760 MiB / 1.2 GiB
Spark-X2.5-1.7B-Abliterated-Q4_K_M.gguf · Downloading · 776 MiB / 1.2 GiB
Spark-X2.5-1.7B-Abliterated-Q4_K_M.gguf · Downloading · 795 MiB / 1.2 GiB
Spark-X2.5-1.7B-Abliterated-Q4_K_M.gguf · Downloading · 813 MiB / 1.2 GiB
Spark-X2.5-1.7B-Abliterated-Q4_K_M.gguf · Downloading · 815 MiB / 1.2 GiB
Spark-X2.5-1.7B-Abliterated-Q4_K_M.gguf · Downloading · 833 MiB / 1.2 GiB
Spark-X2.5-1.7B-Abliterated-Q4_K_M.gguf · Downloading · 851 MiB / 1.2 GiB
Spark-X2.5-1.7B-Abliterated-Q4_K_M.gguf · Downloading · 870 MiB / 1.2 GiB
Spark-X2.5-1.7B-Abliterated-Q4_K_M.gguf · Downloading · 889 MiB / 1.2 GiB
Spark-X2.5-1.7B-Abliterated-Q4_K_M.gguf · Downloading · 906 MiB / 1.2 GiB
Spark-X2.5-1.7B-Abliterated-Q4_K_M.gguf · Downloading · 925 MiB / 1.2 GiB
Spark-X2.5-1.7B-Abliterated-Q4_K_M.gguf · Downloading · 943 MiB / 1.2 GiB
Spark-X2.5-1.7B-Abliterated-Q4_K_M.gguf · Downloading · 962 MiB / 1.2 GiB
Spark-X2.5-1.7B-Abliterated-Q4_K_M.gguf · Downloading · 980 MiB / 1.2 GiB
Spark-X2.5-1.7B-Abliterated-Q4_K_M.gguf · Downloading · 1000 MiB / 1.2 GiB
Spark-X2.5-1.7B-Abliterated-Q4_K_M.gguf · Downloading · 1019 MiB / 1.2 GiB
Spark-X2.5-1.7B-Abliterated-Q4_K_M.gguf · Downloading · 1.0 GiB / 1.2 GiB
Spark-X2.5-1.7B-Abliterated-Q4_K_M.gguf · Downloading · 1.0 GiB / 1.2 GiB
Spark-X2.5-1.7B-Abliterated-Q4_K_M.gguf · Downloading · 1.0 GiB / 1.2 GiB
Spark-X2.5-1.7B-Abliterated-Q4_K_M.gguf · Downloading · 1.1 GiB / 1.2 GiB
Spark-X2.5-1.7B-Abliterated-Q4_K_M.gguf · Downloading · 1.1 GiB / 1.2 GiB
Spark-X2.5-1.7B-Abliterated-Q4_K_M.gguf · Downloading · 1.1 GiB / 1.2 GiB
Spark-X2.5-1.7B-Abliterated-Q4_K_M.gguf · Downloading · 1.1 GiB / 1.2 GiB
Spark-X2.5-1.7B-Abliterated-Q4_K_M.gguf · Downloading · 1.1 GiB / 1.2 GiB
Spark-X2.5-1.7B-Abliterated-Q4_K_M.gguf · Downloading · 1.1 GiB / 1.2 GiB
Spark-X2.5-1.7B-Abliterated-Q4_K_M.gguf · Downloading · 1.2 GiB / 1.2 GiB
Spark-X2.5-1.7B-Abliterated-Q4_K_M.gguf · Checking file integrity · 96 MiB / 1.2 GiB
Spark-X2.5-1.7B-Abliterated-Q4_K_M.gguf · Checking file integrity · 909 MiB / 1.2 GiB
Spark-X2.5-1.7B-Abliterated-Q4_K_M.gguf · Verified and ready · 1.2 GiB / 1.2 GiB
