Traceback (most recent call last):
  File "/workspace/alt-cli/scripts/smoke_harness_tui.py", line 37, in <module>
    if __name__=='__main__':main()
                            ^^^^^^
  File "/workspace/alt-cli/scripts/smoke_harness_tui.py", line 26, in main
    settings();choose(0);term.wait('Reviewed instruction improvements');term.wait('Activation requires');term.send(b'\x1b')
                                                                        ^^^^^^^^^^^^^^^^^^^^^^^^^^^^^^^^
  File "/workspace/alt-cli/scripts/terminal_harness.py", line 15, in wait
    raise AssertionError('Missing '+repr(text)+'\n'+'\n'.join(self.screen.display))
AssertionError: Missing 'Activation requires'
  ALT  /  LOCAL WORKSPACE               fixture-no-weights  
  ╭ Reviewed instruction improvements ───────────────────╮  
  │ Offline optimization creates drafts. Activation      │  
Mo│ requires recorded development/validation splits,     │  
  │ actual behavioral evidence and a completed review.   │  
 M│ ╭ Choose an option ────────────────────────────────╮ │  
 C│ │› Use the standard instructions                   │ │  
 c│ │  Clear a reviewed supplement                     │ │  
 ╭│ │                                                  │ │╮ 
 ││ │                                                  │ ││ 
 ││ │                                                  │ ││ 
 ╰│ │                                                  │ │╯ 
 D│ │                                                  │ │s 
 N│ │                                                  │ │  
 C│ ╰──────────────────────────────────────────────────╯ │  
  │  Choose   Cancel                                     │  
  ╰──────────────────────────────────────────────────────╯  
                                                            
