{
  "passed": true,
  "binary_sha256": "54b0cf02702df83afa96c3c31b5905e2c5311d787b9400f7ac9ac745e0486e51",
  "attempts": [
    {
      "size": "80x24",
      "raw_stream_switch": true,
      "declared_inputs_preserve_contract": true,
      "storage_budget_persisted": true,
      "recovered_preview_and_restore": true,
      "keyboard_only": true
    },
    {
      "size": "60x18",
      "raw_stream_switch": true,
      "declared_inputs_preserve_contract": true,
      "storage_budget_persisted": true,
      "recovered_preview_and_restore": true,
      "keyboard_only": true
    },
    {
      "size": "60x18",
      "explicit_requirement_correction": true,
      "earlier_text_retained": true,
      "no_model_prompt_for_correction": true
    }
  ],
  "scope": "Actual keyboard PTYs, deterministic ACP and local check commands; no model quality or human novice measurement"
}
