#0 building with "default" instance using docker driver

#1 [internal] load build definition from Dockerfile
#1 transferring dockerfile: 306B done
#1 DONE 0.0s

#2 [internal] load metadata for docker.io/library/rust:1.85.1-bullseye@sha256:033a8da97a1e4d53d51fcef8f8eefaba69ff2208fbee583c4ea84f704b307db2
#2 DONE 0.0s

#3 [internal] load .dockerignore
#3 transferring context: 2B done
#3 DONE 0.0s

#4 [1/1] FROM docker.io/library/rust:1.85.1-bullseye@sha256:033a8da97a1e4d53d51fcef8f8eefaba69ff2208fbee583c4ea84f704b307db2
#4 CACHED

#5 exporting to image
#5 exporting layers done
#5 writing image sha256:defeb9e0903d3757d4a92f5d77de1ecca8a17fd7097428f259f08ce5d6691a3e done
#5 naming to docker.io/library/alt-build-glibc231 done
#5 DONE 0.0s
   Compiling alt-cli v0.6.0 (/workspace/alt-cli)
    Finished `release` profile [optimized] target(s) in 1m 12s
/workspace/alt-cli/dist/alt-0.6.0-linux-x86_64.tar.gz
bef863eccad1e0ea2f78f51d1cc36977f68985e80805023ce095ce469b4fe1f5
