   Compiling alt-cli v0.6.0 (/workspace/alt-cli)
    Finished `test` profile [unoptimized] target(s) in 24.14s
     Running unittests src/lib.rs (target/debug/deps/alt_cli-f7b196ed225a7fc8)

running 22 tests
test engine::frame_fuzz_tests::exhausted_shared_allowance_is_a_failed_turn_and_model_prose_is_not ... ok
test engine::frame_fuzz_tests::only_the_pinned_goose_synthetic_network_error_shape_marks_a_failed_turn ... ok
test runtime::memory_tests::container_cache_does_not_hide_available_ram_or_free_anonymous_memory ... ok
test toolbox::evidence_tests::invalid_evidence_is_a_tool_failure_even_when_command_exits_zero ... ok
test extensions::sse_tests::framing_survives_every_chunk_boundary_and_requires_event_termination ... ok
test tui::app::recovery_tests::cancelled_conversation_loading_never_opens_an_agent ... ok
test engine::frame_fuzz_tests::fragmented_and_mutated_acp_frames_obey_size_and_termination_bounds ... ok
test tui::app::recovery_tests::damaged_runtime_is_preserved_without_resetting_project_preferences ... ok
test tui::app::recovery_tests::explicit_operations_never_replace_a_requested_save ... ok
test tui::app::recovery_tests::old_project_results_and_failed_background_forms_do_not_replace_newer_work ... ok
test tui::app::recovery_tests::pinning_a_requirement_replaces_a_locked_context_refresh ... ok
test tui::app::recovery_tests::new_file_can_replace_a_locked_listing_and_failed_forms_keep_their_text ... ok
test extensions::sse_tests::bounded_seeded_mutation_corpus_never_panics_or_grows_without_limit ... ok
test tui::input::tests::pasted_source_preserves_tabs_and_accepts_the_documented_editor_limit ... ok
test tui::input::tests::unicode_editing_and_paste_preserve_boundaries ... ok
test tui::app::recovery_tests::task_check_choices_replace_a_locked_status_refresh ... ok
test tui::app::recovery_tests::conversation_database_contention_keeps_drafts_responsive_and_saves_after_release ... ok
test tui::view::tests::corrupt_settings_are_preserved_and_setup_still_opens ... ok
test tui::view::tests::settings_persist_and_permission_typing_cannot_accidentally_allow ... ok
test tui::app::recovery_tests::turn_end_refresh_does_not_race_itself_or_replace_an_open_form ... ok
test tui::view::tests::first_run_is_usable_without_config_and_errors_preserve_forms ... ok
test tui::view::tests::every_page_and_dialog_renders_at_supported_sizes ... ok

test result: ok. 22 passed; 0 failed; 0 ignored; 0 measured; 0 filtered out; finished in 0.27s

     Running unittests src/main.rs (target/debug/deps/alt-b6d4f9c7cd265569)

running 0 tests

test result: ok. 0 passed; 0 failed; 0 ignored; 0 measured; 0 filtered out; finished in 0.00s

     Running tests/benchmark.rs (target/debug/deps/benchmark-f7571d903946608e)

running 3 tests
test requested_gpu_and_allocation_failure_explain_recovery_without_substituting_models ... ok
test cancellation_interrupts_a_stalled_backend_and_preserves_a_failed_report ... ok
test qualification_cli_returns_without_opening_an_agent_and_keeps_external_scope_explicit ... ok

test result: ok. 3 passed; 0 failed; 0 ignored; 0 measured; 0 filtered out; finished in 0.13s

     Running tests/compact_context.rs (target/debug/deps/compact_context-6359495ff43341c0)

running 13 tests
test clipped_source_never_advertises_an_edit_handle ... ok
test compact_tools_keep_terminal_checks_and_skills_without_ambiguous_edit_schemas ... ok
test compact_context_contains_current_authorized_source_and_complete_pins_without_duplicate_request ... ok
test compact_continuation_keeps_complete_original_scope_and_its_relevant_source ... ok
test line_edits_preserve_missing_final_newline_and_require_real_read_plan_and_valid_lines ... ok
test edit_feedback_refreshes_only_actual_changed_source_for_follow_up_repairs ... ok
test literal_lines_preserve_crlf_unicode_and_backslashes_and_can_undo ... ok
test named_source_prefetch_does_not_index_unrelated_archives ... ok
test migration_retains_legacy_handles_and_short_handles_survive_restart ... ok
test new_and_empty_files_and_explicit_delete_remain_checkpointed ... ok
test parser_feedback_reports_missing_definitions_without_forbidding_intentional_changes ... ok
test scalar_text_edits_preserve_partial_crlf_ranges_and_never_unescape_literals ... ok
test compact_context_prioritizes_actual_failures_over_historical_claims ... ok

test result: ok. 13 passed; 0 failed; 0 ignored; 0 measured; 0 filtered out; finished in 0.05s

     Running tests/download_recovery.rs (target/debug/deps/download_recovery-5949d2f44a75aafc)

running 1 test
test repeated_network_loss_preserves_offsets_and_only_promotes_the_complete_hash ... ok

test result: ok. 1 passed; 0 failed; 0 ignored; 0 measured; 0 filtered out; finished in 0.48s

     Running tests/extensions.rs (target/debug/deps/extensions-5a0aa054821ea28b)

running 4 tests
test external_calls_require_actual_alt_approval_and_respect_access ... ok
test remote_auth_session_and_sse ... ok
test remote_sse_accepts_multiline_data_and_optional_space ... ok
test selected_stdio_tools_keep_state_and_reconnect_without_replay ... ok

test result: ok. 4 passed; 0 failed; 0 ignored; 0 measured; 0 filtered out; finished in 0.19s

     Running tests/faults.rs (target/debug/deps/faults-fa55625581e2f19c)

running 2 tests
test fault_worker ... ok
test disk_full_and_abrupt_apply_undo_recover_without_replay_or_partial_source ... ok

test result: ok. 2 passed; 0 failed; 0 ignored; 0 measured; 0 filtered out; finished in 0.11s

     Running tests/first_task.rs (target/debug/deps/first_task-bae9445163c21e8e)

running 7 tests
test retrieval_finds_named_files_and_important_terms_after_conversational_filler ... ok
test retrieved_code_keeps_identifiers_and_original_brackets ... ok
test suggestions_follow_declared_runners_and_do_not_invent_tests ... ok
test tool_guidance_matches_focus_and_does_not_offer_unavailable_execution ... ok
test missing_practice_interpreter_keeps_actionable_error_and_failed_evidence ... ok
test bounded_memory_keeps_current_evidence_and_whole_excerpts_after_restart ... ok
test practice_repair_verification_restart_undo_and_new_lesson ... ok

test result: ok. 7 passed; 0 failed; 0 ignored; 0 measured; 0 filtered out; finished in 0.15s

     Running tests/harness.rs (target/debug/deps/harness-211c418c19d17da2)

running 9 tests
test analysis_source_chunks_remain_bounded_at_unicode_boundaries ... ok
test instruction_drafts_need_independent_validation_and_can_rollback ... ok
test native_decoder_rejects_partial_calls_and_preserves_unicode_fragments ... ok
test output_settings_override_engine_defaults_and_reject_fake_support ... ok
test partial_stream_is_not_complete_cost_evidence ... ok
test skills_are_bounded_and_do_not_grant_permissions ... ok
test handles_preserve_unicode_crlf_and_duplicate_symbols_and_undo ... ok
test concurrent_change_between_prepare_and_apply_never_overwrites_user ... ok
test host_workflow_and_hypotheses_survive_restart_without_becoming_evidence ... ok

test result: ok. 9 passed; 0 failed; 0 ignored; 0 measured; 0 filtered out; finished in 0.02s

     Running tests/inference_relay.rs (target/debug/deps/inference_relay-41fee87ff9de2973)

running 3 tests
test live_allowance_stages_and_explicit_addition_preserve_actual_costs ... ok
test incomplete_stream_keeps_its_reserved_cost_and_cannot_buy_another_call ... ok
test full_chat_and_tools_are_measured_before_spending_or_forwarding ... ok

test result: ok. 3 passed; 0 failed; 0 ignored; 0 measured; 0 filtered out; finished in 0.16s

     Running tests/integration.rs (target/debug/deps/integration-89cec51eb830ea5a)

running 4 tests
test session_recovery_and_profile_validation ... ok
test streaming_permissions_and_large_session_replay ... ok
test cancellation_and_broken_peers_do_not_hang ... ok
test cli_streams_exports_resumes_and_denies_by_default ... ok

test result: ok. 4 passed; 0 failed; 0 ignored; 0 measured; 0 filtered out; finished in 3.69s

     Running tests/jobs.rs (target/debug/deps/jobs-88e6956ee0f32582)

running 5 tests
test control_keys_are_bytes_not_numeric_strings ... ok
test disconnected_control_client_does_not_terminate_persistent_job ... ok
test persistent_pty_accepts_input_resize_and_reconnect_then_stops ... ok
test timeout_and_exit_are_saved_and_pid_reuse_cannot_signal_another_process ... ok
test exiting_owner_stops_only_owned_jobs_and_large_output_is_bounded ... ok

test result: ok. 5 passed; 0 failed; 0 ignored; 0 measured; 0 filtered out; finished in 1.81s

     Running tests/language.rs (target/debug/deps/language-dec5bcb52cf2665a)

running 2 tests
test failed_batch_restores_earlier_files_through_the_journal ... ok
test utf16_rename_preview_applies_checkpoints_and_rejects_outside_overlap_staleness ... ok

test result: ok. 2 passed; 0 failed; 0 ignored; 0 measured; 0 filtered out; finished in 0.01s

     Running tests/model_downloads.rs (target/debug/deps/model_downloads-7c263a530bf30563)

running 9 tests
test hub_token_scope_worker ... ok
test interrupted_cache_relocation_preserves_originals_and_resumes_same_destination ... ok
test import_preserves_original_and_rejects_wrong_format ... ok
test interrupted_download_resumes_and_promotes_only_verified_bytes ... ok
test checksum_failure_and_bad_range_never_create_ready_model ... ok
test server_ignoring_range_restarts_instead_of_concatenating ... ok
test multipart_promotes_only_complete_set_and_relocates_without_import_loss ... ok
test pause_interrupts_a_stalled_body_and_keeps_partial_file ... ok
test hub_authentication_is_scoped_without_mutating_the_test_process_environment ... ok

test result: ok. 9 passed; 0 failed; 0 ignored; 0 measured; 0 filtered out; finished in 0.30s

     Running tests/packs.rs (target/debug/deps/packs-057a7ecd0c973e5e)

running 3 tests
test parsers_reject_incomplete_and_malformed_scans_and_preserve_evidence ... ok
test git_commit_contains_selected_paths_and_preserves_unrelated_staging ... ok
test http_failure_retest_and_exports_link_to_real_records ... ok

test result: ok. 3 passed; 0 failed; 0 ignored; 0 measured; 0 filtered out; finished in 0.12s

     Running tests/parser_properties.rs (target/debug/deps/parser_properties-3bf1c746de084ef0)

running 2 tests
test explicit_tool_focus_retains_full_access_terminal_option ... ok
test bounded_mutations_of_reports_paths_and_utf16_positions_never_panic ... ok

test result: ok. 2 passed; 0 failed; 0 ignored; 0 measured; 0 filtered out; finished in 0.51s

     Running tests/pc_ready.rs (target/debug/deps/pc_ready-b323e77916182189)

running 3 tests
test reviewed_allocation_survives_restart_and_cannot_replace_the_saved_model ... ok
test isolated_pc_state_preserves_selection_without_copying_or_touching_user_work ... ok
test actual_failed_cases_unchanged_checks_source_cycles_and_report_tampering ... ok

test result: ok. 3 passed; 0 failed; 0 ignored; 0 measured; 0 filtered out; finished in 0.20s

     Running tests/project_services.rs (target/debug/deps/project_services-e4c84470ce8925a7)

running 8 tests
test migrations_preserve_legacy_data_and_reject_newer_schema ... ok
test incremental_index_reuses_unchanged_rows_and_detects_edits_deletions_cancellation ... ok
test pinned_requirements_and_actual_context_survive_restart ... ok
test syntax_and_old_decision_retrieval_keep_current_evidence_at_all_budgets ... ok
test zero_tests_are_distinguished_from_unknown_output_and_mixed_rust_targets ... ok
test verification_requires_every_check_and_current_source_command_environment ... ok
test zero_tests_after_large_output_cannot_verify_a_requirement ... ok
test discovery_enforces_file_limit_in_a_flat_directory_without_partial_index_commit ... ok

test result: ok. 8 passed; 0 failed; 0 ignored; 0 measured; 0 filtered out; finished in 0.41s

     Running tests/project_worker.rs (target/debug/deps/project_worker-38bd5ac5cb48a90e)

running 2 tests
test busy_project_wait_is_cancellable_without_blocking_async_input ... ok
test cancellation_during_walk_preserves_existing_index_and_worker_retries_lock ... ok

test result: ok. 2 passed; 0 failed; 0 ignored; 0 measured; 0 filtered out; finished in 0.04s

     Running tests/project_workflow.rs (target/debug/deps/project_workflow-80f6fcd4d4c6f0ea)

running 7 tests
test enforced_reads_paths_checkpoints_undo_and_conflicts ... ok
test memory_invalidation_failure_budget_and_crash_recovery ... ok
test no_silent_isolation_fallback_and_terminal_is_explicit ... ok
test stale_edits_symlinks_creation_deletion_and_atomic_task_undo ... ok
test native_tool_bridge_cannot_bypass_approval_or_stale_checks ... ok
test deterministic_checks_bind_evidence_to_source_and_preserve_original ... ok
test check_timeout_cancellation_and_early_exit_kill_background_children ... ok

test result: ok. 7 passed; 0 failed; 0 ignored; 0 measured; 0 filtered out; finished in 1.08s

     Running tests/recovery.rs (target/debug/deps/recovery-ed091ef5455ea46a)

running 3 tests
test recovery_worker ... ok
test session_metadata_and_events_commit_together_and_inline_preferences_ignore_legacy_file ... ok
test settings_backup_restore_survive_disk_full_and_abrupt_atomic_writes ... ok

test result: ok. 3 passed; 0 failed; 0 ignored; 0 measured; 0 filtered out; finished in 0.10s

     Running tests/storage.rs (target/debug/deps/storage-ddfa67397fadc804)

running 6 tests
test diagnostics_excludes_environment_values_prompts_endpoints_and_source ... ok
test malformed_archive_never_creates_destination ... ok
test backup_restores_consistent_sqlite_and_never_overwrites_existing_state ... ok
test history_retention_archives_first_and_restores_without_overwriting ... ok
test mutated_archive_corpus_preserves_atomic_restore_boundary ... ok
test retention_never_deletes_a_conversation_that_exceeds_restore_limits ... ok

test result: ok. 6 passed; 0 failed; 0 ignored; 0 measured; 0 filtered out; finished in 0.45s

     Running tests/verification.rs (target/debug/deps/verification-80df5ae3b73deeed)

running 5 tests
test dependency_symlinks_track_target_changes_without_following_cycles_forever ... ok
test structured_reports_reject_missing_incomplete_contradictory_and_fabricated_totals ... ok
test newer_state_is_rejected_before_any_schema_or_journal_mutation ... ok
test cli_can_convert_an_existing_script_command_into_a_pinned_contract ... ok
test independent_check_contract_rejects_fake_output_and_stales_on_assertion_or_dependency_changes ... ok

test result: ok. 5 passed; 0 failed; 0 ignored; 0 measured; 0 filtered out; finished in 0.12s

   Doc-tests alt_cli

running 0 tests

test result: ok. 0 passed; 0 failed; 0 ignored; 0 measured; 0 filtered out; finished in 0.00s

