Traceback (most recent call last):
  File "/workspace/alt-cli/scripts/smoke_product_tui.py", line 284, in <module>
    main()
  File "/workspace/alt-cli/scripts/smoke_product_tui.py", line 270, in main
    exercise(term)
  File "/workspace/alt-cli/scripts/smoke_product_tui.py", line 206, in exercise
    term.wait("Quick actions")
  File "/workspace/alt-cli/scripts/smoke_product_tui.py", line 113, in wait
    raise AssertionError(f"Missing {text!r}; exit={self.process.poll()}\n{self.text}")
AssertionError: Missing 'Quick actions'; exit=None
  ALT  /  LOCAL WORKSPACE                                                                Choose a model to get started  
  Context & memory                                                                  Local-first · you choose the model  
  0.6.0 source 16a5186                                                                                                  
  1  Home           │ ╭Context & pinned requirements──────────────────────────────────────────────────────────────────╮ 
                    │ │User project brief:                                                                            │ 
  2  Workspace      │ │                                                                                               │ 
                    │ │                                                                                               │ 
  3  Models         │ │Pinned requirements:                                                                           │ 
                  ╭ Let's get this working ──────────────────────────────────────────────────────────╮                │ 
  4  Connections  │ Open Connections → Add or Edit first, then use Enter model ID or Ctrl+O          │                │ 
                  │                                                                                  │                │ 
  5  Conversations│ Next step: Open Connections to test the address, or choose Reconnect in          │                │ 
                  │ Workspace. Your unsent request is preserved.                                     │                │ 
  6  Settings     │                                                                                  │                │ 
                  │                                                                                  │                │ 
  7  Help         │                                                                                  │                │ 
                  │                                                                                  │                │ 
  8  Task progress│                                                                                  │                │ 
                  │                                                                                  │                │ 
  9  Project files│                                                                                  │                │ 
                  │                                                                                  │                │ 
  0  Terminal jobs│                                                                                  │                │ 
                  │                                                                                  │                │ 
  ·  Context & mem│                                                                                  │                │ 
                  │                                                                                  │                │ 
                  │                                                                                  │                │ 
                  │                                                                                  │                │ 
                  │                                                                                  │                │ 
                  │                                                                                  │                │ 
                  │                                                                                  │                │ 
                  │  Back · PgUp/PgDn to scroll                                                      │                │ 
                  ╰──────────────────────────────────────────────────────────────────────────────────╯                │ 
 ON THIS COMPUTER   │ │                                                                                               │ 
 32.0 GiB RAM       │ │                                                                                               │ 
 4 CPU threads      │ ╰───────────────────────────────────────────────────────────────────────────────────────────────╯ 
 Ctrl+P  Actions    │  Pin requirement   Unpin   Refresh                                                                
 F1      Help       │                                                                                                   
  Open Connections → Add or Edit first, then use Enter model ID or Ctrl+ONext step: Open Connections to test the        
  I Understands · C Correct · P Pin · U Unpin · R Refresh                                                               
                                                                                                                        
