Traceback (most recent call last):
  File "/workspace/alt-cli/scripts/smoke_product_tui.py", line 288, in <module>
    exercise(term)

  File "/workspace/alt-cli/scripts/smoke_product_tui.py", line 272, in main
    with tempfile.TemporaryDirectory(prefix="alt-product-tui-") as directory:
            ^^^^^^^^^^^^^^
  File "/workspace/alt-cli/scripts/smoke_product_tui.py", line 245, in exercise
    term.wheel(20, down=False)
    ^^^^^^^^^^^^^^^^^^^^^^^^^
  File "/workspace/alt-cli/scripts/smoke_product_tui.py", line 144, in click_text
    if x >= 0:
^^^^^^^^^^^^^^^
AssertionError: No visible click target 'Cancel'
  ALT  /  YOUR WORKSPACE     Choose a model to get started  
  ╭ Choose a project folder ─────────────────────────────╮  
  │ /tmp/alt-product-tui-x_vkvfby/Example project        │  
Mo│ Enter opens a folder · Ctrl+S chooses the current    │  
  │ folder                                               │  
 M│ ╭ Files and folders ───────────────────────────────╮ │  
 C│ │› ..  Parent folder                               │ │  
 c│ │  Folder                                          │ │  
 ╭│ │  ▸ folder_00                                     │ │╮ 
 ││ │  Folder                                          │ ││ 
 ││ │  ▸ folder_01                                     │ ││ 
 ╰│ │  Folder                                          │ │╯ 
 D│ │  ▸ folder_02                                     │ │s 
 N│ │  Folder                                          │ │  
 C│ ╰──────────────────────────────────────────────────╯ │  
  │  Choose this folder   Open selected   Type path   Ca │  
  ╰──────────────────────────────────────────────────────╯  
                                                            
