64 brk(NULL) = 0x00005555568e6000
64 mmap(NULL,8192,PROT_READ|PROT_WRITE,MAP_PRIVATE|MAP_ANONYMOUS,-1,0) = 0x00002aaaab2e9000
64 access("/etc/ld.so.preload",R_OK) = -1 errno=2 (No such file or directory)
64 openat(-100,"/etc/ld.so.cache",O_RDONLY|O_CLOEXEC) = 3
64 fstat(3,0x00002aaaab2aad90) = 0
64 mmap(NULL,5815,PROT_READ,MAP_PRIVATE,3,0) = 0x00002aaaab2eb000
64 close(3) = 0
64 openat(-100,"/lib/x86_64-linux-gnu/libgcc_s.so.1",O_RDONLY|O_CLOEXEC) = 3
64 read(3,0xab2aafc8,832) = 832
64 fstat(3,0x00002aaaab2aae60) = 0
64 mmap(NULL,185256,PROT_READ,MAP_PRIVATE|MAP_DENYWRITE,3,0) = 0x00002aaaab2ed000
64 mmap(0x00002aaaab2f1000,147456,PROT_EXEC|PROT_READ,MAP_PRIVATE|MAP_DENYWRITE|MAP_FIXED,3,0x4000) = 0x00002aaaab2f1000
64 mmap(0x00002aaaab315000,16384,PROT_READ,MAP_PRIVATE|MAP_DENYWRITE|MAP_FIXED,3,0x28000) = 0x00002aaaab315000
64 mmap(0x00002aaaab319000,8192,PROT_READ|PROT_WRITE,MAP_PRIVATE|MAP_DENYWRITE|MAP_FIXED,3,0x2b000) = 0x00002aaaab319000
64 close(3) = 0
64 openat(-100,"/lib/x86_64-linux-gnu/libutil.so.1",O_RDONLY|O_CLOEXEC) = 3
64 read(3,0xab2aafa8,832) = 832
64 fstat(3,0x00002aaaab2aae40) = 0
64 mmap(NULL,16400,PROT_READ,MAP_PRIVATE|MAP_DENYWRITE,3,0) = 0x00002aaaab31b000
64 mmap(0x00002aaaab31c000,4096,PROT_EXEC|PROT_READ,MAP_PRIVATE|MAP_DENYWRITE|MAP_FIXED,3,0x1000) = 0x00002aaaab31c000
64 mmap(0x00002aaaab31d000,4096,PROT_READ,MAP_PRIVATE|MAP_DENYWRITE|MAP_FIXED,3,0x2000) = 0x00002aaaab31d000
64 mmap(0x00002aaaab31e000,8192,PROT_READ|PROT_WRITE,MAP_PRIVATE|MAP_DENYWRITE|MAP_FIXED,3,0x2000) = 0x00002aaaab31e000
64 close(3) = 0
64 openat(-100,"/lib/x86_64-linux-gnu/libpthread.so.0",O_RDONLY|O_CLOEXEC) = 3
64 read(3,0xab2aaf88,832) = 832
64 fstat(3,0x00002aaaab2aae20) = 0
64 mmap(NULL,16400,PROT_READ,MAP_PRIVATE|MAP_DENYWRITE,3,0) = 0x00002aaaab320000
64 mmap(0x00002aaaab321000,4096,PROT_EXEC|PROT_READ,MAP_PRIVATE|MAP_DENYWRITE|MAP_FIXED,3,0x1000) = 0x00002aaaab321000
64 mmap(0x00002aaaab322000,4096,PROT_READ,MAP_PRIVATE|MAP_DENYWRITE|MAP_FIXED,3,0x2000) = 0x00002aaaab322000
64 mmap(0x00002aaaab323000,8192,PROT_READ|PROT_WRITE,MAP_PRIVATE|MAP_DENYWRITE|MAP_FIXED,3,0x2000) = 0x00002aaaab323000
64 close(3) = 0
64 openat(-100,"/lib/x86_64-linux-gnu/libm.so.6",O_RDONLY|O_CLOEXEC) = 3
64 read(3,0xab2aaf68,832) = 832
64 fstat(3,0x00002aaaab2aae00) = 0
64 mmap(NULL,950296,PROT_READ,MAP_PRIVATE|MAP_DENYWRITE,3,0) = 0x00002aaaab325000
64 mmap(0x00002aaaab335000,520192,PROT_EXEC|PROT_READ,MAP_PRIVATE|MAP_DENYWRITE|MAP_FIXED,3,0x10000) = 0x00002aaaab335000
64 mmap(0x00002aaaab3b4000,360448,PROT_READ,MAP_PRIVATE|MAP_DENYWRITE|MAP_FIXED,3,0x8f000) = 0x00002aaaab3b4000
64 mmap(0x00002aaaab40c000,8192,PROT_READ|PROT_WRITE,MAP_PRIVATE|MAP_DENYWRITE|MAP_FIXED,3,0xe7000) = 0x00002aaaab40c000
64 close(3) = 0
64 openat(-100,"/lib/x86_64-linux-gnu/libdl.so.2",O_RDONLY|O_CLOEXEC) = 3
64 read(3,0xab2aaf48,832) = 832
64 fstat(3,0x00002aaaab2aade0) = 0
64 mmap(NULL,16400,PROT_READ,MAP_PRIVATE|MAP_DENYWRITE,3,0) = 0x00002aaaab40e000
64 mmap(0x00002aaaab40f000,4096,PROT_EXEC|PROT_READ,MAP_PRIVATE|MAP_DENYWRITE|MAP_FIXED,3,0x1000) = 0x00002aaaab40f000
64 mmap(0x00002aaaab410000,4096,PROT_READ,MAP_PRIVATE|MAP_DENYWRITE|MAP_FIXED,3,0x2000) = 0x00002aaaab410000
64 mmap(0x00002aaaab411000,8192,PROT_READ|PROT_WRITE,MAP_PRIVATE|MAP_DENYWRITE|MAP_FIXED,3,0x2000) = 0x00002aaaab411000
64 close(3) = 0
64 openat(-100,"/lib/x86_64-linux-gnu/libc.so.6",O_RDONLY|O_CLOEXEC) = 3
64 read(3,0xab2aaf28,832) = 832
64 pread64(3,0x00002aaaab2aab40,784,64) = 784
64 fstat(3,0x00002aaaab2aadc0) = 0
64 mmap(NULL,8192,PROT_READ|PROT_WRITE,MAP_PRIVATE|MAP_ANONYMOUS,-1,0) = 0x00002aaaab413000
64 pread64(3,0x00002aaaab2aaa10,784,64) = 784
64 mmap(NULL,2174352,PROT_READ,MAP_PRIVATE|MAP_DENYWRITE,3,0) = 0x00002aaaab415000
64 mmap(0x00002aaaab43d000,1609728,PROT_EXEC|PROT_READ,MAP_PRIVATE|MAP_DENYWRITE|MAP_FIXED,3,0x28000) = 0x00002aaaab43d000
64 mmap(0x00002aaaab5c6000,323584,PROT_READ,MAP_PRIVATE|MAP_DENYWRITE|MAP_FIXED,3,0x1b1000) = 0x00002aaaab5c6000
64 mmap(0x00002aaaab615000,24576,PROT_READ|PROT_WRITE,MAP_PRIVATE|MAP_DENYWRITE|MAP_FIXED,3,0x1ff000) = 0x00002aaaab615000
64 mmap(0x00002aaaab61b000,52624,PROT_READ|PROT_WRITE,MAP_PRIVATE|MAP_ANONYMOUS|MAP_FIXED,-1,0) = 0x00002aaaab61b000
64 close(3) = 0
64 mmap(NULL,12288,PROT_READ|PROT_WRITE,MAP_PRIVATE|MAP_ANONYMOUS,-1,0) = 0x00002aaaab628000
64 arch_prctl(4098,46912508168448,-46912508170896,34,4294967295,0) = 0
64 set_tid_address(0x2aaaab628bd0) = 64
64 set_robust_list(0x2aaaab628be0,24) = -1 errno=38 (Function not implemented)
64 Unknown syscall 334
64 mprotect(0x00002aaaab615000,16384,PROT_READ) = 0
64 mprotect(0x00002aaaab411000,4096,PROT_READ) = 0
64 mprotect(0x00002aaaab40c000,4096,PROT_READ) = 0
64 mprotect(0x00002aaaab323000,4096,PROT_READ) = 0
64 mprotect(0x00002aaaab31e000,4096,PROT_READ) = 0
64 mprotect(0x00002aaaab319000,4096,PROT_READ) = 0
64 mprotect(0x0000555556864000,507904,PROT_READ) = 0
64 mprotect(0x00002aaaab2e2000,8192,PROT_READ) = 0
64 prlimit64(0,RLIMIT_STACK,NULL,0x00002aaaab2ab9b0) = 0 ({rlim_cur=8388608,rlim_max=-1})
64 munmap(0x00002aaaab2eb000,5815) = 0
64 poll(0x2aaaab2abb80,3,0) = 0
64 rt_sigaction(SIGPIPE,0x00002aaaab2ab8e0,0x00002aaaab2ab980) = 0
64 getrandom(0x2aaaab620178,8,1) = 8
64 brk(NULL) = 0x00005555568e6000
64 brk(0x0000555556907000) = 0x0000555556907000
64 openat(-100,"/proc/self/maps",O_RDONLY|O_CLOEXEC)qemu-x86_64: QEMU internal SIGSEGV {code=MAPERR, addr=0x20}
