55e35049e000-55e3504a0000 r--p 00000000 00:1b 675397                     /usr/bin/cat
55e3504a0000-55e3504a5000 r-xp 00002000 00:1b 675397                     /usr/bin/cat
55e3504a5000-55e3504a7000 r--p 00007000 00:1b 675397                     /usr/bin/cat
55e3504a7000-55e3504a8000 r--p 00008000 00:1b 675397                     /usr/bin/cat
55e3504a8000-55e3504a9000 rw-p 00009000 00:1b 675397                     /usr/bin/cat
55e367a7b000-55e367a9c000 rw-p 00000000 00:00 0                          [heap]
7f38b8cfb000-7f38b8d20000 rw-p 00000000 00:00 0 
7f38b8d20000-7f38b8d48000 r--p 00000000 00:1b 673394                     /usr/lib/x86_64-linux-gnu/libc.so.6
7f38b8d48000-7f38b8ed1000 r-xp 00028000 00:1b 673394                     /usr/lib/x86_64-linux-gnu/libc.so.6
7f38b8ed1000-7f38b8f20000 r--p 001b1000 00:1b 673394                     /usr/lib/x86_64-linux-gnu/libc.so.6
7f38b8f20000-7f38b8f24000 r--p 001ff000 00:1b 673394                     /usr/lib/x86_64-linux-gnu/libc.so.6
7f38b8f24000-7f38b8f26000 rw-p 00203000 00:1b 673394                     /usr/lib/x86_64-linux-gnu/libc.so.6
7f38b8f26000-7f38b8f33000 rw-p 00000000 00:00 0 
7f38b8f35000-7f38b8f37000 rw-p 00000000 00:00 0 
7f38b8f37000-7f38b8f3b000 r--p 00000000 00:00 0                          [vvar]
7f38b8f3b000-7f38b8f3d000 r--p 00000000 00:00 0                          [vvar_vclock]
7f38b8f3d000-7f38b8f3f000 r-xp 00000000 00:00 0                          [vdso]
7f38b8f3f000-7f38b8f40000 r--p 00000000 00:1b 673414                     /usr/lib/x86_64-linux-gnu/ld-linux-x86-64.so.2
7f38b8f40000-7f38b8f6b000 r-xp 00001000 00:1b 673414                     /usr/lib/x86_64-linux-gnu/ld-linux-x86-64.so.2
7f38b8f6b000-7f38b8f75000 r--p 0002c000 00:1b 673414                     /usr/lib/x86_64-linux-gnu/ld-linux-x86-64.so.2
7f38b8f75000-7f38b8f77000 r--p 00036000 00:1b 673414                     /usr/lib/x86_64-linux-gnu/ld-linux-x86-64.so.2
7f38b8f77000-7f38b8f79000 rw-p 00038000 00:1b 673414                     /usr/lib/x86_64-linux-gnu/ld-linux-x86-64.so.2
7ffd4b0d4000-7ffd4b0f5000 rw-p 00000000 00:00 0                          [stack]
