build: PASS
hardware: PASS
repair-prepare: PASS
seed-check: PASS
seed-independent: PASS
seed-independent-four-cases: PASS
repair-turn: PASS
repair-independent: PASS
repair-independent-four-cases: PASS
repair-verification: PASS
repair-export: PASS
native-tracked-repair: PASS
followup-turn: PASS
original-goal-forwarded: PASS
followup-independent: PASS
followup-independent-four-cases: PASS
followup-verification: PASS
cancel-turn: PASS
cancel-preserves-files: PASS
resume-after-cancel: PASS
resumed-independent: PASS
resumed-independent-four-cases: PASS
resumed-verification: PASS
saved-session: PASS
persisted-original-goal: PASS
final-task-export: PASS
undo-1: PASS
undo-restores-seed: PASS
undo-verification: PASS
undo-independent: PASS
undo-independent-four-cases: PASS
original-assertions-unchanged: PASS
normal-settings-unchanged: PASS
Reports saved to /workspace/.alt-pc-ready/live/josiefied7b-practice
Read summary.json and docs/PC_TESTING.md. A normal model response alone does not verify a repair.
