[
  {
    "case": "python-feature",
    "defect_rejected": true,
    "repair_accepted": true,
    "incomplete_repair_rejected": true,
    "early_zero_exit_rejected": true
  },
  {
    "case": "python-multifile",
    "defect_rejected": true,
    "repair_accepted": true
  },
  {
    "case": "rust-feature",
    "defect_rejected": true,
    "repair_accepted": true,
    "incomplete_repair_rejected": true,
    "early_zero_exit_rejected": true
  },
  {
    "case": "javascript-config",
    "defect_rejected": true,
    "repair_accepted": true,
    "incomplete_repair_rejected": true,
    "early_zero_exit_rejected": true
  },
  {
    "case": "python-dependency",
    "defect_rejected": true,
    "repair_accepted": true,
    "equivalent_bundled_import_accepted": true,
    "incomplete_repair_rejected": true
  },
  {
    "case": "python-http-security",
    "defect_rejected": true,
    "repair_accepted": true
  },
  {
    "case": "python-cli",
    "defect_rejected": true,
    "repair_accepted": true
  },
  {
    "case": "python-config",
    "defect_rejected": true,
    "repair_accepted": true
  },
  {
    "case": "python-csv",
    "defect_rejected": true,
    "repair_accepted": true
  },
  {
    "case": "python-migration",
    "defect_rejected": true,
    "repair_accepted": true
  },
  {
    "case": "python-transaction",
    "defect_rejected": true,
    "repair_accepted": true
  },
  {
    "case": "python-pagination",
    "defect_rejected": true,
    "repair_accepted": true
  },
  {
    "case": "python-paths",
    "defect_rejected": true,
    "repair_accepted": true
  },
  {
    "case": "python-cache",
    "defect_rejected": true,
    "repair_accepted": true
  },
  {
    "case": "python-retry",
    "defect_rejected": true,
    "repair_accepted": true
  },
  {
    "case": "python-async",
    "defect_rejected": true,
    "repair_accepted": true
  },
  {
    "case": "python-jsonl",
    "defect_rejected": true,
    "repair_accepted": true
  },
  {
    "case": "python-setup",
    "defect_rejected": true,
    "repair_accepted": true
  },
  {
    "case": "python-dependency-api",
    "defect_rejected": true,
    "repair_accepted": true
  },
  {
    "case": "python-service-config",
    "defect_rejected": true,
    "repair_accepted": true
  },
  {
    "case": "heldout-deduplicate",
    "defect_rejected": true,
    "repair_accepted": true
  },
  {
    "case": "heldout-atomic-save",
    "defect_rejected": true,
    "repair_accepted": true
  },
  {
    "case": "heldout-toposort",
    "defect_rejected": true,
    "repair_accepted": true
  },
  {
    "case": "heldout-date",
    "defect_rejected": true,
    "repair_accepted": true
  }
]
