{
  "schema": 1,
  "version": "0.6.0",
  "release_tag": null,
  "build_label": "0.6.0 source d751fbb modified",
  "source_sha256": "4bdfce3bc7cd031aebf58f9282e7f6de2f9ae807bc136741edeb3269783a7325",
  "inputs": {
    "Cargo.lock": "7cdae609bc4d77766204d04cf66f3dd546cd14380caa70c82fffe50874c7b39f",
    "Cargo.toml": "af0b99cea343bfd4d8628581ec932d9c9a028df20a23d55578d4603610ed4ebc",
    "assets/browser-check.cjs": "d1a483a7415bda96b9aef3aa1e956893b821cde0e2092694bd984998299f5eba",
    "assets/semgrep.yml": "5c5e0672efd88fae1d88caa7a892f90f57b67ed4b77128350a9310d7b36867f5",
    "build.rs": "b118313c1345a62c1c621065809e60831d7eef35e3330bf08de329ff8d358d2c",
    "prompts/compact-lines.md": "7a079e28a392200c265f059a6085cbbdebf843aa62e23778e859b75d3d47c122",
    "prompts/compact.md": "fdecd63ca4d39745d68f880c1e8727dbcbd65f860a42c3d4fb595bcf21e2ef5b",
    "prompts/operator.md": "dbddfe2c0b0a641f055314ea47011fa94fa3cc2d242f76c832ed407a34249472",
    "rust-toolchain.toml": "b2c19d86958ed6810741488db5cd352856f303c53bcf0ea774e72f94ee4d201e",
    "skills/browser-checks/SKILL.md": "cdb7a9a27773795f6b953b10facde150f44810ff13f2548f2e33cb818cb40457",
    "skills/configuration-data/SKILL.md": "978d13fdee1c3f8017f3893f2e0c555040d49fee56fd95d97b06313fa51bb7e5",
    "skills/dependency-review/SKILL.md": "ae820caef0eee1fa129a170ae36f8a7000e172aad8624d109ce2513bcc633fbd",
    "skills/javascript-setup/SKILL.md": "ad1e659d55638d44e33fbe05e0bc1a07a2766b436df193ca618445b1e8768b8f",
    "skills/python-repair/SKILL.md": "cecff19301fc36cc66e50755ea8a08a74f86a5d7da2253eca4f5db8035864658",
    "skills/rust-diagnostics/SKILL.md": "7cfcd70f6b12c8ef91b66f5fde36cd4341a1edd621536c7369ab33700cf5b027",
    "src/analysis.rs": "7d8b6cae24611ee61752e80ab0e795fcd7bd8accb37ead2375ca2c7014781b42",
    "src/benchmark.rs": "92472d7cb51beb74d6b156041a621a4cb417c99cf64424a0c9bf7bf8cfa75709",
    "src/candidates.rs": "c3dfa093cc8b50589f2a1d14a53deac0148c879b299e105e0370d10f69476df1",
    "src/capability.rs": "664090dd187afaaa22f87ce6ad37643e28e8958e8846889a870cdaba65964912",
    "src/compact_context.rs": "be32ca2e51533aa17a149f355b35141f1b2a2046d3e7ddd27dc386e5d67162d2",
    "src/config.rs": "b7a30c69edaad5a04289126e86eedaa8b83635ae7e9e79217d17742e3a143a32",
    "src/engine.rs": "c99875324b1814909adab82b64cae87145ae30e9d76b319be36407771713a6ab",
    "src/extensions.rs": "20fad45dacb0c6b728078622bca18930b4cd063b4ab14da22aa802605f57e898",
    "src/hardware.rs": "d95afe2ab1cc4a9ea59692311e2ee810ce8df7d2d8d6bcdc64038f646068a043",
    "src/inference.rs": "a343000a5b19b36179ff02562aa945d2abc348b2a654ee0fb48195dbb728d8de",
    "src/instructions.rs": "24f3e9c3997c6708c4b831b2281beb77401fe2eb70c95a8111b930ffabd6aea7",
    "src/jobs.rs": "c959857ceeb95df02d25f98734dfcce975757cd38e6457559bfe9c705877caab",
    "src/language.rs": "debe9cd0e7a00c2843744120522a9d3872a3fc38a78f493cbcb1eab9686f75d3",
    "src/lib.rs": "cab6a08dc77d8e04aae1b80f9fb15db82bf416a43bad1f8b63d5fca875a7b4c8",
    "src/main.rs": "2cdd2504c1f482da4dc8767e9871bf5808fdb487b0ece3bb29dc7911d7eec25d",
    "src/models.rs": "ce51863837efbc509bff51f1bb2b4aa4984b519968c9f3f7297b899a95b45485",
    "src/native.rs": "ce845727713f8aa7f78e4d815d5abf1f2a57f0bb0aeaf4ef7efabfd79e516931",
    "src/packs.rs": "dd540acc6dadde78ca23c7c5446436196f9e9f48eb26248e2fb436784a4c2ed7",
    "src/practice.rs": "d68559eb3cf353fbc2b05cba9322aba6065b48b6a94af7e8e990649b91e02923",
    "src/process.rs": "eb0f1b58abfcda860d693b75203bc571e6e186dbf1fb06d0b21b08305ea65173",
    "src/project.rs": "22a22c5202282d55f5e7a95cbfe63139d8f47fe35b765a105c0a86f11404d2f1",
    "src/project_services.rs": "efee67205bfb6eea34d6efafd23749fc66b03a7cf81cc02b561cda809f06c262",
    "src/project_worker.rs": "f892f9f2f163bdf9047e10b0f4f92fda111f4cf6ce6e5d0aae69c29e78aafae6",
    "src/qualification.rs": "601c812c48346d2309c3e20c7fbc641c9593ca786d3527e86453cbff68be588e",
    "src/runtime.rs": "07fa5cd0ec11c17b5b90468d096344e49af21d5f5f9c648386616b40464e652a",
    "src/sandbox.rs": "12580fa96077b77c8f91bd46db4686d84012a5760bab6b1191253b4b4990f454",
    "src/schema.rs": "1837fb8b820afbfd151e8965ffd772fca98e021ce019406970953092530467fe",
    "src/skills.rs": "76b3ec44e2644e25e460d2ea8c78ad155eee95299c96241bbd1ff275d9050f1b",
    "src/storage.rs": "79db929d4faf33914c872328f7f1577befb625b33ba1b1e95cc4664d54e769cc",
    "src/store.rs": "0496f0fa4dbc51e0010d7e4ca6b4073cb5b3fade866b57515d211de93631b75f",
    "src/syntax.rs": "ae8338601a087296bfb684d434c6df4f219cdc52a4f5df9e566574d9e07794b5",
    "src/toolbox.rs": "be63c604f127007f9c56e185ea3ab26ea46b5b9faa6f89a42ac25d257e6e669a",
    "src/tui/app.rs": "e9e4a58487b80743626204387d97dff5898f70b1d3a6ddb1e701ef8c0a10d0aa",
    "src/tui/input.rs": "8e92f35700b20e3e76ba9fc7408f67c658dd01a8f37dbd47888d4f4b7a56c3e8",
    "src/tui/keys.rs": "5ddc665b35ea0ecebebce19cbe1b064840a99c9bd861c110d655650f63f85f92",
    "src/tui/management.rs": "3b2df5d186f47507990fb6c2892c39c7ca72c448e22a42f250f41213610610f3",
    "src/tui/mod.rs": "5993cd10d00d48a5e70e37c4d4494a5671ec44b27627968f2c2e3f07f05a5230",
    "src/tui/task.rs": "cfa762bbc0e929adbc733c31e2445c0ace83fed70dd5bf469b3c8706ab888e87",
    "src/tui/verification.rs": "dc7a242ebe50a9fef21a64a49f35de4c7b9cfb57b2ff16f99e2656799336c280",
    "src/tui/view.rs": "20deaee6382d422906530a1f2a4916b73f1ca0bd33e879fc11573f20a3bfc5cb",
    "src/tui/workbench.rs": "80838c203524832e05c465cf13d64b7e12fc16527579b6e6cd11ab9a908fed6f",
    "src/verification.rs": "e9cc8a978c99e9d5b6075bfc898fe5ebf6cfda5dfb094df1be0237c1af14a54a",
    "src/workflow.rs": "3a867b1b31eaa36d5b0c59476889537e9b1606282c68f0002af54f7c45c4545b",
    "src/workspace.rs": "6fdaa0a2d67bc21aadc92b4bea24d45ef9233309f3cb3c455fd4e657062eebcc"
  },
  "commit": "d751fbb74e72f06897149df712dc5111478c5665",
  "dirty": true,
  "rustc": "rustc 1.99.0 (b940084d7 2026-09-28)",
  "target": "x86_64-unknown-linux-gnu",
  "profile": "release",
  "rustflags": "",
  "source_date_epoch": "0"
}
