[
  {
    "after": "def greet(name):\n    name = name.strip() if name else 'friend'\n    return f'Hello, {name}!' if name else 'Hello, friend!'\n",
    "after_hash": "47775021fe9fe04fbba5270b692292109a748b8d483bd6d147b8e49c8596e798",
    "before": "def greet(name):\n    name = name.strip() if name else 'friend'\n    return 'Hello, ' + name + '!' if name else 'Hello, friend!' \n",
    "before_hash": "206f6c5e687269b3a47b19440af7ddf1148ea6189a0aa81b7f14d682110c230e",
    "id": "57009071-2f16-401b-80ca-a88cb24faf47",
    "mode": 384,
    "path": "greeting.py",
    "reason": "Update greet function to trim spaces and handle empty name correctly.",
    "status": "undone",
    "task": "e73111c5-5836-4cf3-9cc1-7367c4109f53",
    "test_change": false
  },
  {
    "after": "def greet(name):\n    name = name.strip() if name else 'friend'\n    return 'Hello, ' + name + '!' if name else 'Hello, friend!' \n",
    "after_hash": "206f6c5e687269b3a47b19440af7ddf1148ea6189a0aa81b7f14d682110c230e",
    "before": "def greet(name):\n    name = name.strip() if name else 'friend'\n    return 'Hello, ' + name + '!' \n",
    "before_hash": "c139e77c842e2138eecfe38ef488f7f1d3a817299b081c523de7f8fd32fd79ac",
    "id": "e1d21e75-e3ea-4bcd-b783-825d0272828e",
    "mode": 384,
    "path": "greeting.py",
    "reason": "Handle 'spaces only' case correctly.",
    "status": "undone",
    "task": "e73111c5-5836-4cf3-9cc1-7367c4109f53",
    "test_change": false
  },
  {
    "after": "def greet(name):\n    name = name.strip() if name else 'friend'\n    return 'Hello, ' + name + '!' \n",
    "after_hash": "c139e77c842e2138eecfe38ef488f7f1d3a817299b081c523de7f8fd32fd79ac",
    "before": "def greet(name):\n    return 'Hello, ' + name + '!'\n",
    "before_hash": "30606cf0e9c2eb93e5bbc1f9844df14c368c244c9a200fdcbc7a49e0685c1770",
    "id": "00a5f166-1459-4c16-9a10-f1e007321884",
    "mode": 384,
    "path": "greeting.py",
    "reason": "Trim spaces in input and use 'friend' for empty input.",
    "status": "undone",
    "task": "e73111c5-5836-4cf3-9cc1-7367c4109f53",
    "test_change": false
  }
]
