PASS startup success
PASS startup failure
PASS startup cancel
{
  "passed": true,
  "attempts": [
    {
      "size": "80x24",
      "profile_preserved": true,
      "manual_id_no_inventory": true,
      "cancel_ms": 167.67,
      "input_to_durable_ms": 116.83,
      "abrupt_restore": true,
      "new_restore": true,
      "oversized_paste_feedback": true,
      "keyboard_only": true
    },
    {
      "size": "60x18",
      "profile_preserved": true,
      "manual_id_no_inventory": true,
      "cancel_ms": 146.31,
      "input_to_durable_ms": 139.03,
      "abrupt_restore": true,
      "new_restore": true,
      "oversized_paste_feedback": true,
      "keyboard_only": true
    },
    {
      "size": "60x18",
      "second_window_refused": true,
      "failed_quit_keeps_editor": true,
      "repair_then_flush_preserves_text": true
    },
    {
      "startup": "success",
      "next_draft_preserved": true,
      "submission_id_recorded_or_recoverable": true,
      "orderly_restart": true
    },
    {
      "startup": "failure",
      "next_draft_preserved": true,
      "submission_id_recorded_or_recoverable": true,
      "orderly_restart": true
    },
    {
      "startup": "cancel",
      "next_draft_preserved": true,
      "submission_id_recorded_or_recoverable": true,
      "orderly_restart": true
    }
  ],
  "scope": "Actual keyboard PTYs with deterministic inventory/ACP; no model quality or human novice measurement"
}
