    Updating crates.io index
      Adding approx v0.5.1
      Adding atomic v0.6.1
      Adding autocfg v1.5.1
      Adding bit-set v0.5.3
      Adding bit-vec v0.6.3
      Adding by_address v1.2.1
      Adding bytemuck v1.25.2
    Removing cassowary v0.3.0
    Updating compact_str v0.8.2 -> v0.9.1
      Adding critical-section v1.2.0
    Removing crossterm v0.28.1
      Adding csscolorparser v0.6.2
      Adding deltae v0.3.2
      Adding deranged v0.5.8
      Adding euclid v0.22.14
      Adding fancy-regex v0.11.0
      Adding finl_unicode v1.5.0
      Adding fixedbitset v0.4.2
      Adding fnv v1.0.7
      Adding foldhash v0.2.0
      Adding getrandom v0.3.4
      Adding hashbrown v0.16.1
      Adding hex v0.4.3
    Updating itertools v0.13.0 -> v0.14.0
      Adding kasuari v0.4.12
      Adding lab v0.11.0
      Adding libm v0.2.16
      Adding line-clipping v0.3.8
    Removing linux-raw-sys v0.4.15
    Updating lru v0.12.5 -> v0.18.5
      Adding mac_address v1.2.0
      Adding memmem v0.1.1
      Adding memoffset v0.9.1
      Adding minimal-lexical v0.2.1
      Adding nix v0.29.0
      Adding nom v7.1.3
      Adding num-conv v0.2.2
      Adding num-derive v0.4.2
      Adding num-traits v0.2.19
      Adding num_threads v0.1.7
      Adding ordered-float v4.6.0
      Adding palette v0.7.7
      Adding palette_derive v0.7.7
      Adding palette_math v0.7.7
    Removing paste v1.0.15
      Adding pest v2.9.2
      Adding pest_derive v2.9.2
      Adding pest_generator v2.9.2
      Adding pest_meta v2.9.2
      Adding phf v0.11.3
      Adding phf_codegen v0.11.3
      Adding phf_generator v0.11.3
      Adding phf_macros v0.11.3
      Adding phf_shared v0.11.3
      Adding portable-atomic v1.15.0
      Adding powerfmt v0.2.1
      Adding r-efi v5.3.0
      Adding rand v0.8.8
      Adding rand_core v0.6.4
    Updating ratatui v0.29.0 -> v0.30.2
      Adding ratatui-core v0.1.2
      Adding ratatui-crossterm v0.1.2
      Adding ratatui-termina v0.1.0
      Adding ratatui-termwiz v0.1.2
      Adding ratatui-widgets v0.3.2
    Removing rustix v0.38.44
      Adding siphasher v1.0.4
    Updating strum v0.26.3 -> v0.28.0
    Updating strum_macros v0.26.4 -> v0.28.0
      Adding syn v1.0.109
      Adding termina v0.3.3
      Adding terminfo v0.9.0
      Adding termios v0.3.3
      Adding termwiz v0.23.3
      Adding time v0.3.55
      Adding time-core v0.1.9
      Adding ucd-trie v0.1.7
    Updating unicode-truncate v1.1.0 -> v2.0.1
      Adding vtparse v0.6.2
      Adding wasip2 v1.0.4+wasi-0.2.12
      Adding wezterm-bidi v0.2.3
      Adding wezterm-blob-leases v0.1.1
      Adding wezterm-color-types v0.3.0
      Adding wezterm-dynamic v0.2.1
      Adding wezterm-dynamic-derive v0.1.1
      Adding wezterm-input-types v0.1.0
      Adding wit-bindgen v0.57.1
note: pass `--verbose` to see 10 unchanged dependencies behind latest
 Downloading crates ...
  Downloaded by_address v1.2.1
  Downloaded bit-set v0.5.3
  Downloaded csscolorparser v0.6.2
  Downloaded atomic v0.6.1
  Downloaded autocfg v1.5.1
  Downloaded approx v0.5.1
  Downloaded bit-vec v0.6.3
  Downloaded compact_str v0.9.1
  Downloaded euclid v0.22.14
  Downloaded finl_unicode v1.5.0
  Downloaded critical-section v1.2.0
  Downloaded fixedbitset v0.4.2
  Downloaded bitflags v1.3.2
  Downloaded bytemuck v1.25.2
  Downloaded fancy-regex v0.11.0
  Downloaded hex v0.4.3
  Downloaded itertools v0.14.0
  Downloaded kasuari v0.4.12
  Downloaded lab v0.11.0
  Downloaded deltae v0.3.2
  Downloaded lru v0.18.5
  Downloaded lazy_static v1.5.1
  Downloaded libm v0.2.16
  Downloaded line-clipping v0.3.8
  Downloaded memoffset v0.9.1
  Downloaded mac_address v1.2.0
  Downloaded memmem v0.1.1
  Downloaded nom v7.1.3
  Downloaded palette_math v0.7.7
  Downloaded pest_derive v2.9.2
  Downloaded nix v0.29.0
  Downloaded pest_generator v2.9.2
  Downloaded pest v2.9.2
  Downloaded num_threads v0.1.7
  Downloaded phf_shared v0.11.3
  Downloaded minimal-lexical v0.2.1
  Downloaded palette v0.7.7
  Downloaded phf v0.11.3
  Downloaded phf_codegen v0.11.3
  Downloaded pest_meta v2.9.2
  Downloaded portable-atomic v1.15.0
  Downloaded rand_core v0.6.4
  Downloaded rand v0.8.8
  Downloaded ratatui-termina v0.1.0
  Downloaded ratatui-termwiz v0.1.2
  Downloaded num-conv v0.2.2
  Downloaded palette_derive v0.7.7
  Downloaded ratatui-crossterm v0.1.2
  Downloaded siphasher v1.0.4
  Downloaded phf_generator v0.11.3
  Downloaded powerfmt v0.2.1
  Downloaded num-derive v0.4.2
  Downloaded num-traits v0.2.19
  Downloaded ordered-float v4.6.0
  Downloaded phf_macros v0.11.3
  Downloaded ratatui-widgets v0.3.2
  Downloaded strum_macros v0.28.0
  Downloaded termios v0.3.3
  Downloaded wezterm-bidi v0.2.3
  Downloaded time v0.3.55
  Downloaded wezterm-dynamic-derive v0.1.1
  Downloaded termwiz v0.23.3
  Downloaded time-core v0.1.9
  Downloaded vtparse v0.6.2
  Downloaded strum v0.28.0
  Downloaded syn v1.0.109
  Downloaded terminfo v0.9.0
  Downloaded wezterm-color-types v0.3.0
  Downloaded ucd-trie v0.1.7
  Downloaded wezterm-blob-leases v0.1.1
  Downloaded wezterm-dynamic v0.2.1
  Downloaded wezterm-input-types v0.1.0
  Downloaded unicode-truncate v2.0.1
  Downloaded termina v0.3.3
   Compiling syn v2.0.119
    Checking foldhash v0.2.0
   Compiling thiserror v2.0.21
   Compiling thiserror-impl v2.0.21
    Checking itertools v0.14.0
    Checking hashbrown v0.17.1
    Checking hashbrown v0.16.1
    Checking compact_str v0.9.1
    Checking kasuari v0.4.12
    Checking unicode-truncate v2.0.1
    Checking lru v0.18.5
    Checking critical-section v1.2.0
    Checking hashbrown v0.15.5
    Checking line-clipping v0.3.8
   Compiling strum_macros v0.28.0
   Compiling derive_more-impl v2.1.1
   Compiling thiserror-impl v1.0.69
    Checking hashlink v0.10.0
    Checking rusqlite v0.37.0
    Checking derive_more v2.1.1
    Checking crossterm v0.29.0
    Checking thiserror v1.0.69
    Checking filedescriptor v0.8.3
    Checking portable-pty v0.9.0
    Checking strum v0.28.0
    Checking ratatui-core v0.1.2
    Checking ratatui-crossterm v0.1.2
    Checking ratatui-widgets v0.3.2
    Checking ratatui v0.30.2
    Checking alt-cli v0.4.0 (/workspace/alt-cli)
    Finished `dev` profile [unoptimized + debuginfo] target(s) in 7.61s
