[
  {
    "case": "python-feature",
    "defect_rejected": true,
    "repair_accepted": true,
    "incomplete_repair_rejected": true
  },
  {
    "case": "python-multifile",
    "defect_rejected": true,
    "repair_accepted": true
  },
  {
    "case": "rust-feature",
    "defect_rejected": true,
    "repair_accepted": true,
    "incomplete_repair_rejected": true
  },
  {
    "case": "javascript-config",
    "defect_rejected": true,
    "repair_accepted": true,
    "incomplete_repair_rejected": true
  },
  {
    "case": "python-dependency",
    "defect_rejected": true,
    "repair_accepted": true,
    "equivalent_bundled_import_accepted": true,
    "incomplete_repair_rejected": true
  },
  {
    "case": "python-http-security",
    "defect_rejected": true,
    "repair_accepted": true
  }
]
