#0 building with "default" instance using docker driver

#1 [internal] load build definition from Dockerfile
#1 transferring dockerfile: 306B done
#1 DONE 0.0s

#2 [internal] load metadata for docker.io/library/rust:1.85.1-bullseye@sha256:033a8da97a1e4d53d51fcef8f8eefaba69ff2208fbee583c4ea84f704b307db2
#2 DONE 0.0s

#3 [internal] load .dockerignore
#3 transferring context: 2B done
#3 DONE 0.0s

#4 [1/1] FROM docker.io/library/rust:1.85.1-bullseye@sha256:033a8da97a1e4d53d51fcef8f8eefaba69ff2208fbee583c4ea84f704b307db2
#4 CACHED

#5 exporting to image
#5 exporting layers done
#5 writing image sha256:defeb9e0903d3757d4a92f5d77de1ecca8a17fd7097428f259f08ce5d6691a3e done
#5 naming to docker.io/library/alt-build-glibc231 done
#5 DONE 0.0s
   Compiling syn v2.0.119
   Compiling foldhash v0.2.0
   Compiling thiserror v2.0.21
   Compiling thiserror-impl v2.0.21
   Compiling itertools v0.14.0
   Compiling hashbrown v0.17.1
   Compiling hashbrown v0.16.1
   Compiling compact_str v0.9.1
   Compiling lru v0.18.5
   Compiling critical-section v1.2.0
   Compiling hashbrown v0.15.5
   Compiling kasuari v0.4.12
   Compiling line-clipping v0.3.8
   Compiling unicode-truncate v2.0.1
   Compiling hashlink v0.10.0
   Compiling strum_macros v0.28.0
   Compiling derive_more-impl v2.1.1
   Compiling thiserror-impl v1.0.69
   Compiling rusqlite v0.37.0
   Compiling derive_more v2.1.1
   Compiling crossterm v0.29.0
   Compiling thiserror v1.0.69
   Compiling filedescriptor v0.8.3
   Compiling portable-pty v0.9.0
   Compiling strum v0.28.0
   Compiling ratatui-core v0.1.2
   Compiling ratatui-crossterm v0.1.2
   Compiling ratatui-widgets v0.3.2
   Compiling ratatui v0.30.2
   Compiling alt-cli v0.4.1 (/workspace/alt-cli)
    Finished `release` profile [optimized] target(s) in 55.21s
/workspace/alt-cli/dist/alt-0.4.1-linux-x86_64.tar.gz
8428579313ca915cb6b7dad16692e7a05f8f66808c6901ec9df74e6d9e3f84d0
