Traceback (most recent call last):
  File "/workspace/alt-cli/scripts/smoke_tui.py", line 144, in <module>
    wait_for(b"Project brief saved")
  File "/workspace/alt-cli/scripts/smoke_tui.py", line 72, in wait_for
    raise AssertionError(f"Missing terminal text {needle!r}; exit={process.poll()}; screen:\n" + "\n".join(screen.display))
AssertionError: Missing terminal text b'Project brief saved'; exit=None; screen:
  ALT  /  LOCAL WORKSPACE                                                                                      fixture  
  Workspace                                                                                  Connected · saved locally  
                                                                                                                        
  1  Home           │ ╭ Conversation ────────────────────────────────────────────────╮ ACTIVITY & CONTEXT               
                    │ │                                                              │ Context: 8192 tokens configured  
  2  Workspace      │ │ You                                                          │ Project brief: 0 chars           
                    │ │tools                                                         │ Tool actions request approval    
  3  Models         │ │                                                              │╭ Tools · Enter for evidence ───╮ 
                  ╭ Let's get this working ──────────────────────────────────────────────────────────╮                │ 
  4  Connections  │ Another Alt action is using this project; wait for it to finish: Resource        │                │ 
                  │ temporarily unavailable (os error 11)                                            │                │ 
  5  Conversations│                                                                                  │                │ 
                  │ Next step: Review the details, close this message to return to your form, and    │                │ 
  6  Settings     │ try again. Task progress provides actual check evidence and undo.                │                │ 
                  │                                                                                  │                │ 
  7  Help         │                                                                                  │                │ 
                  │                                                                                  │                │ 
  8  Task progress│                                                                                  │                │ 
                  │                                                                                  │                │ 
  9  Project files│                                                                                  │                │ 
                  │                                                                                  │                │ 
  0  Terminal jobs│                                                                                  │                │ 
                  │                                                                                  │                │ 
  ·  Context & mem│                                                                                  │                │ 
                  │                                                                                  │                │ 
                  │                                                                                  │                │ 
                  │                                                                                  │                │ 
                  │                                                                                  │────────────────╯ 
                  │                                                                                  │                  
                  │                                                                                  │k                 
                  │  Back                                                                            │                  
                  ╰──────────────────────────────────────────────────────────────────────────────────╯────────────────╮ 
 ON THIS COMPUTER   │ │                                                                                               │ 
 32.0 GiB RAM       │ │                                                                                               │ 
 4 CPU threads      │ │                                                                                               │ 
 Ctrl+P  Actions    │ ╰───────────────────────────────────────────────────────────────────────────────────────────────╯ 
 F1      Help       │  Send   New   Reconnect   Task progress   Starting tasks   Export                                 
  Another Alt action is using this project; wait for it to finish: Resource temporarily unavailable (os error 11)Next   
  Enter Send   Alt+Enter / Ctrl+J New line   Esc Stop   Ctrl+T Activity   Ctrl+B Brief                                  
                                                                                                                        
